
> airtime_connect@0.1.0 build
> next build

Γû▓ Next.js 16.1.6 (Turbopack)
- Environments: .env

node.exe : ΓÜá The 
"middleware" file 
convention is deprecated. 
Please use "proxy" instead. 
Learn more: https://nextjs.o
rg/docs/messages/middleware-
to-proxy
At line:1 char:1
+ & "C:\Program 
Files\nodejs/node.exe" 
"C:\Program 
Files\nodejs/node_mo ...
+ ~~~~~~~~~~~~~~~~~~~~~~~~~~
~~~~~~~~~~~~~~~~~~~~~~~~~~~~
~~~~~~~~~~~~~~~
    + CategoryInfo          
    : NotSpecified: (ΓÜá T  
  he "middle...leware-to-   
 proxy:String) [], Remot    
eException
    + FullyQualifiedErrorId 
    : NativeCommandError
 
  Creating an optimized production build ...
Γ£ô Compiled successfully in 9.9s
  Running TypeScript ...
  Collecting page data using 7 workers ...
  Generating static pages using 7 workers (0/20) ...
  Generating static pages using 7 workers (5/20) 
  Generating static pages using 7 workers (10/20) 
  Generating static pages using 7 workers (15/20) 
Γ£ô Generating static pages using 7 workers (20/20) in 1030.3ms
  Finalizing page optimization ...

Route (app)
Γöî Γùï /
Γö£ Γùï /_not-found
Γö£ Γùï /admin
Γö£ Γùï /admin/analytics
Γö£ Γùï /admin/chatbot
Γö£ Γùï /admin/companies
Γö£ Γùï /admin/logs
Γö£ Γùï /admin/promo-codes
Γö£ Γùï /admin/settings
Γö£ ╞Æ /api/auth/[...nextauth]
Γö£ Γùï /company
Γö£ Γùï /company/checkout
Γö£ Γùï /company/distribution
Γö£ Γùï /company/history
Γö£ Γùï /company/settings
Γö£ Γùï /login
Γö£ Γùï /register
Γö£ Γùï /register-admin
Γöö Γùï /test-route


╞Æ Proxy (Middleware)

Γùï  (Static)   prerendered as static content
╞Æ  (Dynamic)  server-rendered on demand

